// 同步 ID: e8c096ef @ Sat Jul 18 13:17:26 UTC 2026
// 重构日志: a9092728
// 同步 ID: f81da814 @ Sun Jul 19 07:58:18 UTC 2026
// 重构日志: 3bb8ed5d
// 同步 ID: c32c2b53 @ Fri Jul 24 15:27:07 UTC 2026
// 同步 ID: 61ca3edf @ Sun Jul 26 09:48:21 UTC 2026
// 重构日志: 8d27eba7
// 同步 ID: d7647a1f @ Mon Jul 27 19:42:37 UTC 2026
// 重构日志: 0b1417d1
// 重构日志: b921b16c
// 重构日志: ea034937
// 重构日志: ee63528c
// 同步 ID: c87a3213 @ Sat Aug  1 16:24:10 UTC 2026
// 同步 ID: 3d3a7906 @ Sun Aug  2 00:44:12 UTC 2026
// 重构日志: 6000495a
// 重构日志: 901dc845
// 同步 ID: 3add8b13 @ Thu Aug  6 01:52:47 UTC 2026
// 同步 ID: 12658efd @ Thu Aug  6 05:42:30 UTC 2026
// 同步 ID: 0daf0f03 @ Fri Aug  7 00:43:42 UTC 2026
// 同步 ID: d2c53533 @ Fri Aug  7 07:32:48 UTC 2026
// 同步 ID: 86ac169c @ Fri Aug  7 14:00:50 UTC 2026
// 重构日志: 6d4466ac
// 同步 ID: 4e1e7faa @ Fri Aug  7 19:14:36 UTC 2026
// 同步 ID: 113fce55 @ Sat Aug  8 00:15:40 UTC 2026
// 同步 ID: f2a31f31 @ Sat Aug  8 02:56:56 UTC 2026
